// Jest Snapshot v1, https://goo.gl/fbAQLP

exports[`Logo renders correctly 1`] = `
.c0 {
  display: inline-block;
  width: 100%;
  height: 100%;
  box-sizing: border-box;
  background-image: url(/static/logo.png);
  background-size: contain;
  background-position: center;
}

@media (max-width: 62.5em) {
  .c0 {
    background-image: url(/static/icon.png);
    background-position: center;
    width: 3.888888888888889rem;
    height: 3.888888888888889rem;
  }
}

<div
  className="c0"
/>
`;
