// Jest Snapshot v1, https://goo.gl/fbAQLP

exports[`Menu renders correctly 1`] = `
.c4 {
  display: inline-block;
  text-decoration: none;
  color: inherit;
  cursor: pointer;
  padding: 0.1111111111111111rem 0.4444444444444444rem;
  margin: -0.1111111111111111rem -0.4444444444444444rem;
}

.c0 {
  display: block;
  box-sizing: border-box;
}

.c1 {
  display: block;
  box-sizing: border-box;
  height: 100%;
}

.c2 {
  margin-bottom: 1.6666666666666667rem;
}

.c3 {
  display: block;
  margin: 0.5555555555555556rem 2.2222222222222223rem;
  font-weight: normal;
}

.c5 {
  display: block;
  margin: 0.5555555555555556rem 2.2222222222222223rem 0.5555555555555556rem 3.0555555555555554rem;
  font-size: 0.9rem;
  font-weight: normal;
}

@media (min-width: 62.5em) {
  .c4 {
    border-radius: 0.16666666666666666rem;
  }

  .c4:hover {
    background: rgba(20, 20, 20, 0.1);
  }
}

@media (max-width: 62.5em) {
  .c0 {
    height: calc(100vh - 3.888888888888889rem);
    -webkit-transition: height 0.2s ease-in-out;
    transition: height 0.2s ease-in-out;
    overflow: hidden;
  }
}

@media (max-width: 62.5em) {
  .c1 {
    border-top: 2px solid rgba(20, 20, 20, 0.1);
    padding-top: 0.5555555555555556rem;
    padding-bottom: 3.3333333333333335rem;
    overflow-y: scroll;
  }
}

<aside
  className="c0"
>
  <div
    className="c1"
  >
    <div
      className="c2"
      onClick={undefined}
    >
      <h4
        className="c3"
      >
        <a
          className="c4"
          href="/docs/basics"
          onClick={[Function]}
        >
          Basics
        </a>
      </h4>
      <h5
        className="c5"
      >
        <a
          className="c4"
          href="/docs/basics#motivation"
        >
          Motivation
        </a>
      </h5>
      <h5
        className="c5"
      >
        <a
          className="c4"
          href="/docs/basics#installation"
        >
          Installation
        </a>
      </h5>
      <h5
        className="c5"
      >
        <a
          className="c4"
          href="/docs/basics#getting-started"
        >
          Getting Started
        </a>
      </h5>
      <h5
        className="c5"
      >
        <a
          className="c4"
          href="/docs/basics#passed-props"
        >
          Passed props
        </a>
      </h5>
      <h5
        className="c5"
      >
        <a
          className="c4"
          href="/docs/basics#adapting-based-on-props"
        >
          Adapting based on props
        </a>
      </h5>
      <h5
        className="c5"
      >
        <a
          className="c4"
          href="/docs/basics#styling-any-components"
        >
          Styling any components
        </a>
      </h5>
      <h5
        className="c5"
      >
        <a
          className="c4"
          href="/docs/basics#extending-styles"
        >
          Extending styles
        </a>
      </h5>
      <h5
        className="c5"
      >
        <a
          className="c4"
          href="/docs/basics#attaching-additional-props"
        >
          Attaching additional props
        </a>
      </h5>
      <h5
        className="c5"
      >
        <a
          className="c4"
          href="/docs/basics#animations"
        >
          Animations
        </a>
      </h5>
      <h5
        className="c5"
      >
        <a
          className="c4"
          href="/docs/basics#react-native"
        >
          React Native
        </a>
      </h5>
    </div>
    <div
      className="c2"
      onClick={undefined}
    >
      <h4
        className="c3"
      >
        <a
          className="c4"
          href="/docs/advanced"
          onClick={[Function]}
        >
          Advanced
        </a>
      </h4>
      <h5
        className="c5"
      >
        <a
          className="c4"
          href="/docs/advanced#theming"
        >
          Theming
        </a>
      </h5>
      <h5
        className="c5"
      >
        <a
          className="c4"
          href="/docs/advanced#refs"
        >
          Refs
        </a>
      </h5>
      <h5
        className="c5"
      >
        <a
          className="c4"
          href="/docs/advanced#security"
        >
          Security
        </a>
      </h5>
      <h5
        className="c5"
      >
        <a
          className="c4"
          href="/docs/advanced#existing-css"
        >
          Existing CSS
        </a>
      </h5>
      <h5
        className="c5"
      >
        <a
          className="c4"
          href="/docs/advanced#media-templates"
        >
          Media Templates
        </a>
      </h5>
      <h5
        className="c5"
      >
        <a
          className="c4"
          href="/docs/advanced#tagged-template-literals"
        >
          Tagged Template Literals
        </a>
      </h5>
      <h5
        className="c5"
      >
        <a
          className="c4"
          href="/docs/advanced#server-side-rendering"
        >
          Server Side Rendering
        </a>
      </h5>
      <h5
        className="c5"
      >
        <a
          className="c4"
          href="/docs/advanced#babel-plugin"
        >
          Babel Plugin
        </a>
      </h5>
    </div>
    <div
      className="c2"
      onClick={undefined}
    >
      <h4
        className="c3"
      >
        <a
          className="c4"
          href="/docs/api"
          onClick={[Function]}
        >
          API Reference
        </a>
      </h4>
      <h5
        className="c5"
      >
        <a
          className="c4"
          href="/docs/api#primary"
        >
          Primary
        </a>
      </h5>
      <h5
        className="c5"
      >
        <a
          className="c4"
          href="/docs/api#helpers"
        >
          Helpers
        </a>
      </h5>
      <h5
        className="c5"
      >
        <a
          className="c4"
          href="/docs/api#supported-css"
        >
          Supported CSS
        </a>
      </h5>
      <h5
        className="c5"
      >
        <a
          className="c4"
          href="/docs/api#flow"
        >
          Flow
        </a>
      </h5>
      <h5
        className="c5"
      >
        <a
          className="c4"
          href="/docs/api#typescript"
        >
          TypeScript
        </a>
      </h5>
    </div>
    <div
      className="c2"
      onClick={undefined}
    >
      <h4
        className="c3"
      >
        <a
          className="c4"
          href="/docs/faqs"
          onClick={[Function]}
        >
          FAQs
        </a>
      </h4>
      <h5
        className="c5"
      >
        <a
          className="c4"
          href="/docs/faqs#can-i-nest-rules"
        >
          Can I nest rules?
        </a>
      </h5>
      <h5
        className="c5"
      >
        <a
          className="c4"
          href="/docs/faqs#can-i-refer-to-other-components"
        >
          Can I refer to other components?
        </a>
      </h5>
      <h5
        className="c5"
      >
        <a
          className="c4"
          href="/docs/faqs#can-i-use-css-frameworks"
        >
          Can I use css frameworks?
        </a>
      </h5>
    </div>
  </div>
</aside>
`;
