// Jest Snapshot v1, https://goo.gl/fbAQLP

exports[`MenuButton renders correctly 1`] = `
.c1 {
  display: inline-block;
  text-decoration: none;
  color: inherit;
  cursor: pointer;
  padding: 0.1111111111111111rem 0.4444444444444444rem;
  margin: -0.1111111111111111rem -0.4444444444444444rem;
}

.c0 {
  display: none;
  height: 100%;
  padding: 1.1111111111111112rem 0;
  margin: 0 0 0 auto;
  color: white;
  -webkit-transform-origin: center;
  -ms-transform-origin: center;
  transform-origin: center;
}

.c0:active {
  opacity: 0.8;
  -webkit-transform: scale(0.9);
  -ms-transform: scale(0.9);
  transform: scale(0.9);
}

.c0:hover {
  background: none;
}

.c2 {
  height: 1.6666666666666667rem;
}

@media (min-width: 62.5em) {
  .c1 {
    border-radius: 0.16666666666666666rem;
  }

  .c1:hover {
    background: rgba(20, 20, 20, 0.1);
  }
}

@media (max-width: 62.5em) {
  .c0 {
    display: block;
  }
}

<a
  className="c0 c1"
>
  <svg
    className="octicons octicons-three-bars-icon c2"
    height={null}
    viewBox="0 0 12 16"
    width={null}
    xmlns="http://www.w3.org/2000/svg"
  >
    <path
      d="M11.41 9H.59C0 9 0 8.59 0 8c0-.59 0-1 .59-1H11.4c.59 0 .59.41.59 1 0 .59 0 1-.59 1h.01zm0-4H.59C0 5 0 4.59 0 4c0-.59 0-1 .59-1H11.4c.59 0 .59.41.59 1 0 .59 0 1-.59 1h.01zM.59 11H11.4c.59 0 .59.41.59 1 0 .59 0 1-.59 1H.59C0 13 0 12.59 0 12c0-.59 0-1 .59-1z"
      fillRule="evenodd"
    />
  </svg>
</a>
`;
