// Jest Snapshot v1, https://goo.gl/fbAQLP

exports[`NavButton renders correctly 1`] = `
.c1 {
  background: none;
  outline: none;
  border: none;
  background: none;
  cursor: pointer;
  -webkit-flex: 0 0 auto;
  -ms-flex: 0 0 auto;
  flex: 0 0 auto;
  height: 2.7777777777777777rem;
  padding: 0 0.5555555555555556rem;
  text-align: center;
  vertical-align: middle;
}

.c0 + .c0 {
  padding-left: 0;
}

<button
  className="c0 c1"
/>
`;
