// Jest Snapshot v1, https://goo.gl/fbAQLP

exports[`Navbar renders correctly 1`] = `
.c6 {
  background-image: url(/nav-logo.png);
  background-position: center;
  background-size: contain;
  box-sizing: border-box;
  display: inline-block;
  height: 2.2222222222222223rem;
  width: 9.11111111111111rem;
  vertical-align: middle;
}

.c3 {
  background: none;
  outline: none;
  border: none;
  background: transparent;
  cursor: pointer;
  flex: 0 0 auto;
  height: 3.3333333333333335rem;
  padding: 0 0.5555555555555556rem;
  text-align: center;
  transition: all 200ms ease-in-out;
  vertical-align: middle;
}

.c3:hover {
  filter: brightness(0.85);
}

.c3:active {
  filter: brightness(1);
}

.c2+.c2 {
  padding-left: 0;
}

.c4 svg {
  display: inline-block;
}

.c4 svg path {
  fill: currentColor;
}

.c12 {
  flex: 0 0 auto;
  width: 0.2777777777777778rem;
  height: 0.2777777777777778rem;
  margin: 0 0.8333333333333334rem;
  border-radius: 50%;
  background: currentColor;
  opacity: 0.35;
}

.c10 {
  display: flex;
  align-items: center;
  flex: 0 0 auto;
  margin-right: 1.6666666666666667rem;
}

.c11 {
  flex: 0 0 auto;
  display: inline-block;
  line-height: 3.3333333333333335rem;
  transition: opacity 0.2s,transform 0.2s;
  cursor: pointer;
  letter-spacing: 0.022222222222222223rem;
  color: currentColor;
}

.c11:hover,
.c11:focus {
  opacity: 0.8;
}

.c11:active {
  transform: scale(0.95);
  opacity: 0.6;
}

.c1 {
  display: none;
}

.c9 {
  position: absolute;
  top: 3.3333333333333335rem;
  left: 0;
  right: 0;
  height: 3.3333333333333335rem;
  display: flex;
  flex-wrap: nowrap;
  align-items: center;
  justify-content: space-between;
  padding: 0 1.1111111111111112rem;
  transition: height 0.1s;
  user-select: none;
  -webkit-overflow-scrolling: touch;
  overflow-x: scroll;
  overflow-y: hidden;
  background: rgb(33, 33, 33);
  color: #fff;
}

.c5 {
  margin-right: auto;
  transform: translateY(-1px);
}

.c7 {
  transition: transform 0.2s;
  transform-origin: center center;
  transform: rotate(180deg);
}

.c8.c8 {
  width: 2rem;
  height: 2rem;
}

.c17 {
  display: flex;
  align-items: center;
  flex: 1 1 auto;
}

.c18 {
  display: flex;
  margin-right: 1.1111111111111112rem;
  line-height: 3.3333333333333335rem;
  transition: opacity 0.2s,transform 0.2s;
  cursor: pointer;
}

.c18:last-child {
  margin-right: 0;
}

.c18:hover,
.c18:focus {
  opacity: 0.8;
}

.c18:active {
  transform: scale(0.95);
  opacity: 0.6;
}

.c18 svg path {
  fill: currentColor;
}

.c19.c19 {
  width: NaNrem;
  height: 1rem;
}

.c0 {
  align-items: center;
  background-color: rgba(12, 13, 15, 0.7);
  backdrop-filter: blur(5px);
  box-sizing: border-box;
  color: white;
  display: flex;
  flex-wrap: wrap;
  font-family: "Karla",-apple-system,BlinkMacSystemFont,"Segoe UI",Helvetica,Arial,sans-serif,"Apple Color Emoji","Segoe UI Emoji","Segoe UI Symbol";
  font-size: 0.8333333333333334rem;
  font-weight: 500;
  justify-content: center;
  height: 3.3333333333333335rem;
  left: 0;
  padding: 0;
  position: fixed;
  transition: background 300ms ease-out;
  width: 100%;
  z-index: 3;
}

.c14 {
  display: flex;
  align-items: center;
  justify-content: flex-start;
}

.c16 {
  display: flex;
  align-items: center;
  justify-content: flex-end;
}

.c13 {
  display: flex;
  align-items: center;
  padding: 0 1.1111111111111112rem;
  justify-content: space-between;
}

.c15 {
  display: inline-block;
  vertical-align: center;
  margin-right: 1.9444444444444444rem;
}

@media (max-width: 62.5em) {
  .c1 {
    align-items: center;
    display: flex;
    flex-grow: 1;
    height: 3.3333333333333335rem;
    justify-content: space-between;
  }
}

@media (max-width: 62.5em) {

}

<nav
  className="c0"
>
  <div
    className="c1"
  >
    <button
      className="c2 c3"
    >
      <svg
        className="c4"
        height="15"
        width="15"
        xmlns="http://www.w3.org/2000/svg"
        xmlnsXlink="http://www.w3.org/1999/xlink"
      >
        <title>
          close
        </title>
        <use
          fill="#FFF"
          transform="translate(1 1)"
          xlinkHref="#close"
        />
        <defs>
          <path
            d="M-.7.7l13 13 1.4-1.4-13-13L-.7.7zm13-1.4l-13 13 1.4 1.4 13-13-1.4-1.4z"
            id="close"
          />
        </defs>
      </svg>
    </button>
    <a
      aria-label="styled components"
      className="c5"
    >
      <div
        className="c6"
      />
    </a>
    <button
      className="c2 c3"
      style={
        {
          "position": "absolute",
          "right": 0,
        }
      }
    >
      <div
        className="c7"
      >
        <div
          className="c8"
        />
      </div>
    </button>
    <div
      className="c9"
    >
      <nav
        className="c10"
      >
        <a
          className="c11"
        >
          Documentation
        </a>
        <span
          className="c12"
        />
        <a
          className="c11"
        >
          Showcase
        </a>
        <span
          className="c12"
        />
        <a
          className="c11"
        >
          Ecosystem
        </a>
        <span
          className="c12"
        />
        <a
          className="c11"
        >
          Releases
        </a>
      </nav>
    </div>
  </div>
  <div
    className="c13"
  >
    <div
      className="c14"
    >
      <a
        aria-label="Styled-components logo"
        className="c15"
      >
        <div
          className="c6"
        />
      </a>
      <nav
        className="c10"
      >
        <a
          className="c11"
        >
          Documentation
        </a>
        <span
          className="c12"
        />
        <a
          className="c11"
        >
          Showcase
        </a>
        <span
          className="c12"
        />
        <a
          className="c11"
        >
          Ecosystem
        </a>
        <span
          className="c12"
        />
        <a
          className="c11"
        >
          Releases
        </a>
      </nav>
    </div>
  </div>
  <div
    className="c16"
    css={
      [
        "
          margin-left: auto;
          margin-right: 16px;

          ",
        "
  @media (max-width: ",
        "62.5",
        "em) {
    ",
        "
            margin-right: 48px;
          ",
        ";
  }
",
        "
        ",
      ]
    }
  >
    <div
      id="docs-search-input"
    />
    <nav
      className="c17 "
      style={
        {
          "marginLeft": 16,
        }
      }
    >
      <a
        className="c18"
        title="GitHub: Source code"
      >
        <svg
          className="c19"
        />
      </a>
      <a
        className="c18"
        title="Medium: Announcements, blog posts, and more"
      >
        <svg
          className="c19"
        />
      </a>
    </nav>
  </div>
</nav>
`;
