// Jest Snapshot v1, https://goo.gl/fbAQLP

exports[`Sidebar renders correctly 1`] = `
.c0 {
  position: fixed;
  -webkit-transform: translateZ(0);
  -ms-transform: translateZ(0);
  transform: translateZ(0);
  display: block;
  z-index: 1;
  font-family: "Avenir Next",-apple-system,BlinkMacSystemFont,"Segoe UI",Helvetica,Arial,sans-serif,"Apple Color Emoji","Segoe UI Emoji","Segoe UI Symbol";
  left: 0;
  top: 2.7777777777777777rem;
  bottom: 0;
  right: auto;
  width: 16.666666666666668rem;
  background: #efefef;
  box-sizing: border-box;
  color: inherit;
  overflow-y: auto;
  -webkit-transition: -webkit-transform 150ms ease-out;
  -webkit-transition: transform 150ms ease-out;
  transition: transform 150ms ease-out;
}

@media (max-width:62.5em) {

}

<CaptureScroll>
  <Sidebar>
    <nav
      className="c0"
    />
  </Sidebar>
</CaptureScroll>
`;
