// Jest Snapshot v1, https://goo.gl/fbAQLP

exports[`Note renders correctly 1`] = `
.c1 {
  font-family: -apple-system,BlinkMacSystemFont,"Segoe UI",Helvetica,Arial,sans-serif,"Apple Color Emoji","Segoe UI Emoji","Segoe UI Symbol";
  background: #e0e0e0;
  padding: 0.3888888888888889rem 0.5555555555555556rem 0.2777777777777778rem 0.7777777777777778rem;
  border-left: 0.2222222222222222rem solid rgb(33,33,33);
  margin: 2.5rem 0;
  border-radius: 0.16666666666666666rem;
}

.c1 > p {
  margin: 0 0 0.2777777777777778rem 0;
}

.sc-eCssSg + .c0,
.sc-dlfnbm + .c1 {
  margin-top: 1.9444444444444444rem;
}

.c2 {
  display: block;
  font-weight: 600;
  font-family: "Avenir Next",-apple-system,BlinkMacSystemFont,"Segoe UI",Helvetica,Arial,sans-serif,"Apple Color Emoji","Segoe UI Emoji","Segoe UI Symbol";
  text-transform: uppercase;
  font-size: 90%;
  margin-bottom: 0.3888888888888889rem;
}

<div
  className="c0 c1"
>
  <strong
    className="c2"
  >
    Note
  </strong>
</div>
`;
