// Jest Snapshot v1, https://goo.gl/fbAQLP

exports[`SectionLayout renders correctly 1`] = `
.c2 {
  font-size: 1.7777777777777777rem;
  font-weight: 500;
  font-family: "Avenir Next", -apple-system, BlinkMacSystemFont, "Segoe UI", Helvetica, Arial, sans-serif, "Apple Color Emoji", "Segoe UI Emoji", "Segoe UI Symbol";
}

.c3 {
  position: relative;
  display: block;
  visibility: hidden;
  height: 0;
  top: -1.1111111111111112rem;
}

.c5 {
  display: none;
  position: absolute;
  left: 0;
  color: inherit;
}

.c6 {
  width: 1.1111111111111112rem;
  opacity: 0.7;
  margin-top: -0.2777777777777778rem;
}

.c6:hover {
  opacity: 0.9;
}

.c1 {
  position: relative;
  margin-left: -1.6666666666666667rem;
  padding-left: 1.6666666666666667rem;
}

.c1:hover .c4 {
  display: inline-block;
}

.c0 {
  margin-bottom: 5rem;
  margin-top: 0;
}

@media (max-width: 62.5em) {
  .c3 {
    top: -5rem;
  }
}

@media (max-width: 62.5em) {
  .c1 {
    margin-left: 0;
  }

  .c1 .c4 {
    display: inline-block;
  }
}

<div
  className="c0"
>
  <h2
    className="c1 c2"
  >
    <div
      aria-hidden={true}
      className="c3"
      id=""
    />
    <a
      className="c4 c5"
      href="#"
    >
      <svg
        className="octicons octicons-link-icon c6"
        height={null}
        viewBox="0 0 16 16"
        width={null}
        xmlns="http://www.w3.org/2000/svg"
      >
        <path
          d="M4 9h1v1H4c-1.5 0-3-1.69-3-3.5S2.55 3 4 3h4c1.45 0 3 1.69 3 3.5 0 1.41-.91 2.72-2 3.25V8.59c.58-.45 1-1.27 1-2.09C10 5.22 8.98 4 8 4H4c-.98 0-2 1.22-2 2.5S3 9 4 9zm9-3h-1v1h1c1 0 2 1.22 2 2.5S13.98 12 13 12H9c-.98 0-2-1.22-2-2.5 0-.83.42-1.64 1-2.09V6.25c-1.09.53-2 1.84-2 3.25C6 11.31 7.55 13 9 13h4c1.45 0 3-1.69 3-3.5S14.5 6 13 6z"
          fillRule="evenodd"
        />
      </svg>
    </a>
  </h2>
</div>
`;
