// Jest Snapshot v1, https://goo.gl/fbAQLP

exports[`Table renders correctly 1`] = `
.c0 {
  width: 100%;
  text-align: left;
  margin: 2.2222222222222223rem 0;
}

.c1 {
  border-bottom: 2px solid rgba(20,20,20,0.1);
  font-family: "Avenir Next",-apple-system,BlinkMacSystemFont,"Segoe UI",Helvetica,Arial,sans-serif,"Apple Color Emoji","Segoe UI Emoji","Segoe UI Symbol";
}

.c4 {
  padding: 0 1.1111111111111112rem;
  padding-left: 0;
}

.c4:not(:last-child) {
  border-bottom: 1px solid rgba(20,20,20,0.1);
}

.c2 {
  font-weight: normal;
  padding: 0.5555555555555556rem 0.6666666666666666rem;
  padding-left: 0;
}

.c3 {
  text-transform: uppercase;
  font-size: 85%;
  opacity: 0.8;
}

<table
  className="c0"
>
  <thead
    className="c1"
  >
    <tr>
      <th
        className="c2 c3"
        title="head"
      >
        head
      </th>
    </tr>
  </thead>
  <tbody>
    <tr
      className="c4"
    >
      <th
        className="c2"
      />
    </tr>
  </tbody>
</table>
`;
