// Jest Snapshot v1, https://goo.gl/fbAQLP

exports[`HomepageGettingStarted renders correctly 1`] = `
.c0 {
  width: 56.888888888888886rem;
  max-width: 100%;
  margin: 0 auto;
  padding: 5rem 2.2222222222222223rem 1.6666666666666667rem 2.2222222222222223rem;
  box-sizing: border-box;
  font-family: -apple-system,BlinkMacSystemFont,"Segoe UI",Helvetica,Arial,sans-serif,"Apple Color Emoji","Segoe UI Emoji","Segoe UI Symbol";
  -webkit-transition: -webkit-transform 150ms ease-out;
  -webkit-transition: transform 150ms ease-out;
  transition: transform 150ms ease-out;
}

.c1 {
  text-align: center;
}

.c2 {
  margin: 0 0.5em 3em;
  height: 1.5em;
}

.c3 {
  border-radius: 3px;
  padding: 0.25em 1em;
  margin: 0 1em;
  background: transparent;
  color: palevioletred;
  border: 2px solid palevioletred;
}

.c4 {
  border-radius: 3px;
  padding: 0.25em 1em;
  margin: 0 1em;
  background: transparent;
  color: palevioletred;
  border: 2px solid palevioletred;
  background: palevioletred;
  color: white;
}

.c5 {
  border-radius: 3px;
  padding: 0.25em 1em;
  background: transparent;
  color: palevioletred;
  border: 2px solid palevioletred;
}

@media (max-width:62.5em) {
  .c0 {
    padding: 3.888888888888889rem 1.1111111111111112rem 1.6666666666666667rem 1.1111111111111112rem;
  }
}

<HomepageGettingStarted>
  <I18n
    ns="home"
  >
    <styled.div>
      <div
        className="c0"
      >
        <styled.div>
          <div
            className="c1"
          >
            <a
              href="https://github.com/styled-components/styled-components"
            >
              <styled.img
                alt="Stars on GitHub"
                src="https://img.shields.io/github/stars/styled-components/styled-components.svg?style=social&label=Star&maxAge=3600"
              >
                <img
                  alt="Stars on GitHub"
                  className="c2"
                  src="https://img.shields.io/github/stars/styled-components/styled-components.svg?style=social&label=Star&maxAge=3600"
                />
              </styled.img>
            </a>
            <a
              href="https://www.npmjs.com/package/styled-components"
            >
              <styled.img
                alt="Current Version"
                src="https://img.shields.io/npm/v/styled-components.svg"
              >
                <img
                  alt="Current Version"
                  className="c2"
                  src="https://img.shields.io/npm/v/styled-components.svg"
                />
              </styled.img>
            </a>
            <styled.img
              alt="Monthly downloads"
              src="https://img.shields.io/npm/dm/styled-components.svg?maxAge=3600"
            >
              <img
                alt="Monthly downloads"
                className="c2"
                src="https://img.shields.io/npm/dm/styled-components.svg?maxAge=3600"
              />
            </styled.img>
            <styled.img
              alt="Gzipped size"
              src="http://img.badgesize.io/https://unpkg.com/styled-components/dist/styled-components.min.js?compression=gzip&label=gzip%20size"
            >
              <img
                alt="Gzipped size"
                className="c2"
                src="http://img.badgesize.io/https://unpkg.com/styled-components/dist/styled-components.min.js?compression=gzip&label=gzip%20size"
              />
            </styled.img>
            <a
              href="https://spectrum.chat/styled-components"
            >
              <styled.img
                alt="Join the community on Spectrum"
                src="https://withspectrum.github.io/badge/badge.svg"
              >
                <img
                  alt="Join the community on Spectrum"
                  className="c2"
                  src="https://withspectrum.github.io/badge/badge.svg"
                />
              </styled.img>
            </a>
          </div>
        </styled.div>
        <styled.div>
          <div
            className="c1"
          >
            <styled.button
              onClick={[Function]}
            >
              <button
                className="c3"
                onClick={[Function]}
              >
                Normal button
              </button>
            </styled.button>
            <styled.button
              onClick={[Function]}
              primary={true}
            >
              <button
                className="c4"
                onClick={[Function]}
              >
                Primary button
              </button>
            </styled.button>
          </div>
        </styled.div>
        <styled.div>
          <div
            className="c1"
          >
            <button>
              I'm a &lt;Button /&gt;!
            </button>
          </div>
        </styled.div>
        <styled.div>
          <div
            className="c1"
          >
            <styled.button>
              <button
                className="c5"
              >
                I'm a styled &lt;Button /&gt;
              </button>
            </styled.button>
          </div>
        </styled.div>
      </div>
    </styled.div>
  </I18n>
</HomepageGettingStarted>
`;
